../Core/Src/main.c:110:5:main	2
../Core/Src/main.c:334:6:SystemClock_Config	5
../Core/Src/main.c:398:13:MX_HRTIM_Init	26
../Core/Src/main.c:569:13:MX_LPTIM1_Init	2
../Core/Src/main.c:603:13:MX_TIM1_Init	10
../Core/Src/main.c:695:13:MX_TIM2_Init	6
../Core/Src/main.c:754:13:MX_TIM4_Init	9
../Core/Src/main.c:825:13:MX_TIM5_Init	7
../Core/Src/main.c:888:13:MX_TIM8_Init	7
../Core/Src/main.c:967:13:MX_TIM12_Init	6
../Core/Src/main.c:1026:13:MX_TIM13_Init	4
../Core/Src/main.c:1072:13:MX_TIM14_Init	4
../Core/Src/main.c:1118:13:MX_TIM15_Init	8
../Core/Src/main.c:1198:13:MX_TIM16_Init	5
../Core/Src/main.c:1261:13:MX_GPIO_Init	1
../Core/Src/main.c:1332:6:HAL_TIM_PeriodElapsedCallback	4
../Core/Src/main.c:1355:13:control_update	3
../Core/Src/main.c:1548:17:calc_dutycycle	2
../Core/Src/main.c:1566:13:gen_sine	2
../Core/Src/main.c:1580:6:MPU_Config	1
../Core/Src/main.c:1611:6:Error_Handler	1
