../Core/Src/main.c:102:8:read_TIM1_sec	1
../Core/Src/main.c:109:12:read_TIM1	1
../Core/Src/main.c:215:5:main	4
../Core/Src/main.c:500:6:SystemClock_Config	5
../Core/Src/main.c:564:13:MX_HRTIM_Init	28
../Core/Src/main.c:750:13:MX_LPTIM1_Init	2
../Core/Src/main.c:784:13:MX_TIM1_Init	10
../Core/Src/main.c:876:13:MX_TIM2_Init	6
../Core/Src/main.c:935:13:MX_TIM4_Init	9
../Core/Src/main.c:1006:13:MX_TIM5_Init	7
../Core/Src/main.c:1069:13:MX_TIM8_Init	7
../Core/Src/main.c:1148:13:MX_TIM12_Init	6
../Core/Src/main.c:1207:13:MX_TIM13_Init	4
../Core/Src/main.c:1253:13:MX_TIM14_Init	4
../Core/Src/main.c:1299:13:MX_TIM15_Init	8
../Core/Src/main.c:1379:13:MX_TIM16_Init	5
../Core/Src/main.c:1442:13:MX_UART4_Init	5
../Core/Src/main.c:1490:13:MX_GPIO_Init	1
../Core/Src/main.c:1561:6:HAL_TIM_PeriodElapsedCallback	4
../Core/Src/main.c:1592:6:UART_update	2
../Core/Src/main.c:1613:6:command_update	2
../Core/Src/main.c:1624:13:run_state_machine	11
../Core/Src/main.c:1679:6:HAL_UART_RxCpltCallback	1
../Core/Src/main.c:1685:6:HAL_UART_TxCpltCallback	1
../Core/Src/main.c:1691:15:get_char	2
../Core/Src/main.c:1703:13:init_buffer	2
../Core/Src/main.c:1718:15:is_buffer_empty	2
../Core/Src/main.c:1729:15:is_buffer_full	2
../Core/Src/main.c:1741:15:write_buffer	2
../Core/Src/main.c:1757:22:read_from_buffer	2
../Core/Src/main.c:1768:12:get_num_elements	3
../Core/Src/main.c:1780:13:control_update	3
../Core/Src/main.c:1987:17:calc_dutycycle	2
../Core/Src/main.c:2005:13:gen_sine	2
../Core/Src/main.c:2020:6:MPU_Config	1
../Core/Src/main.c:2051:6:Error_Handler	1
