14:51:00 **** Incremental Build of configuration Debug for project KASM_HRTIM_Test1 ****
make -j16 all 
arm-none-eabi-gcc "../Core/Src/main.c" -mcpu=cortex-m7 -std=gnu11 -g3 -DDEBUG -DUSE_HAL_DRIVER -DSTM32H750xx -c -I../Core/Inc -I../Drivers/STM32H7xx_HAL_Driver/Inc -I../Drivers/STM32H7xx_HAL_Driver/Inc/Legacy -I../Drivers/CMSIS/Device/ST/STM32H7xx/Include -I../Drivers/CMSIS/Include -O0 -ffunction-sections -fdata-sections -Wall -fstack-usage -fcyclomatic-complexity -MMD -MP -MF"Core/Src/main.d" -MT"Core/Src/main.o" --specs=nano.specs -mfpu=fpv5-d16 -mfloat-abi=hard -mthumb -o "Core/Src/main.o"
../Core/Src/main.c: In function 'UART_update':
../Core/Src/main.c:1572:60: warning: cast to pointer from integer of different size [-Wint-to-pointer-cast]
 1572 |                                 HAL_UART_Transmit(&huart4, (uint8_t*)num, sizeof(num), 10);
      |                                                            ^
arm-none-eabi-gcc -o "KASM_HRTIM_Test1.elf" @"objects.list"   -mcpu=cortex-m7 -T"C:\Akamai\KASM\KASM_HRTIM_Test1\STM32H750VBTX_FLASH.ld" --specs=nosys.specs -Wl,-Map="KASM_HRTIM_Test1.map" -Wl,--gc-sections -static --specs=nano.specs -mfpu=fpv5-d16 -mfloat-abi=hard -mthumb -u _printf_float -Wl,--start-group -lc -lm -Wl,--end-group
Finished building target: KASM_HRTIM_Test1.elf
 
arm-none-eabi-size  KASM_HRTIM_Test1.elf 
arm-none-eabi-objdump -h -S KASM_HRTIM_Test1.elf  > "KASM_HRTIM_Test1.list"
   text	   data	    bss	    dec	    hex	filename
  66176	    480	  15248	  81904	  13ff0	KASM_HRTIM_Test1.elf
Finished building: default.size.stdout
 
Finished building: KASM_HRTIM_Test1.list
 
14:51:14 **** Incremental Build of configuration Debug for project KASM_HRTIM_Test1 ****
make -j16 all 
arm-none-eabi-size  KASM_HRTIM_Test1.elf 
   text	   data	    bss	    dec	    hex	filename
  66176	    480	  15248	  81904	  13ff0	KASM_HRTIM_Test1.elf
Finished building: default.size.stdout
 
14:52:48 **** Incremental Build of configuration Debug for project KASM_HRTIM_Test1 ****
make -j16 all 
arm-none-eabi-gcc "../Core/Src/main.c" -mcpu=cortex-m7 -std=gnu11 -g3 -DDEBUG -DUSE_HAL_DRIVER -DSTM32H750xx -c -I../Core/Inc -I../Drivers/STM32H7xx_HAL_Driver/Inc -I../Drivers/STM32H7xx_HAL_Driver/Inc/Legacy -I../Drivers/CMSIS/Device/ST/STM32H7xx/Include -I../Drivers/CMSIS/Include -O0 -ffunction-sections -fdata-sections -Wall -fstack-usage -fcyclomatic-complexity -MMD -MP -MF"Core/Src/main.d" -MT"Core/Src/main.o" --specs=nano.specs -mfpu=fpv5-d16 -mfloat-abi=hard -mthumb -o "Core/Src/main.o"
../Core/Src/main.c: In function 'UART_update':
../Core/Src/main.c:1571:52: warning: cast to pointer from integer of different size [-Wint-to-pointer-cast]
 1571 |                         HAL_UART_Transmit(&huart4, (uint8_t*)num, sizeof(num), 10);
      |                                                    ^
arm-none-eabi-gcc -o "KASM_HRTIM_Test1.elf" @"objects.list"   -mcpu=cortex-m7 -T"C:\Akamai\KASM\KASM_HRTIM_Test1\STM32H750VBTX_FLASH.ld" --specs=nosys.specs -Wl,-Map="KASM_HRTIM_Test1.map" -Wl,--gc-sections -static --specs=nano.specs -mfpu=fpv5-d16 -mfloat-abi=hard -mthumb -u _printf_float -Wl,--start-group -lc -lm -Wl,--end-group
Finished building target: KASM_HRTIM_Test1.elf
 
arm-none-eabi-size  KASM_HRTIM_Test1.elf 
arm-none-eabi-objdump -h -S KASM_HRTIM_Test1.elf  > "KASM_HRTIM_Test1.list"
   text	   data	    bss	    dec	    hex	filename
  66176	    480	  15248	  81904	  13ff0	KASM_HRTIM_Test1.elf
Finished building: default.size.stdout
 
Finished building: KASM_HRTIM_Test1.list
 
14:54:07 **** Incremental Build of configuration Debug for project KASM_HRTIM_Test1 ****
make -j16 all 
arm-none-eabi-gcc "../Core/Src/main.c" -mcpu=cortex-m7 -std=gnu11 -g3 -DDEBUG -DUSE_HAL_DRIVER -DSTM32H750xx -c -I../Core/Inc -I../Drivers/STM32H7xx_HAL_Driver/Inc -I../Drivers/STM32H7xx_HAL_Driver/Inc/Legacy -I../Drivers/CMSIS/Device/ST/STM32H7xx/Include -I../Drivers/CMSIS/Include -O0 -ffunction-sections -fdata-sections -Wall -fstack-usage -fcyclomatic-complexity -MMD -MP -MF"Core/Src/main.d" -MT"Core/Src/main.o" --specs=nano.specs -mfpu=fpv5-d16 -mfloat-abi=hard -mthumb -o "Core/Src/main.o"
../Core/Src/main.c: In function 'UART_update':
../Core/Src/main.c:1571:52: warning: cast to pointer from integer of different size [-Wint-to-pointer-cast]
 1571 |                         HAL_UART_Transmit(&huart4, (uint8_t*)num, sizeof(num), HAL_MAX_DELAY);
      |                                                    ^
arm-none-eabi-gcc -o "KASM_HRTIM_Test1.elf" @"objects.list"   -mcpu=cortex-m7 -T"C:\Akamai\KASM\KASM_HRTIM_Test1\STM32H750VBTX_FLASH.ld" --specs=nosys.specs -Wl,-Map="KASM_HRTIM_Test1.map" -Wl,--gc-sections -static --specs=nano.specs -mfpu=fpv5-d16 -mfloat-abi=hard -mthumb -u _printf_float -Wl,--start-group -lc -lm -Wl,--end-group
Finished building target: KASM_HRTIM_Test1.elf
 
arm-none-eabi-size  KASM_HRTIM_Test1.elf 
arm-none-eabi-objdump -h -S KASM_HRTIM_Test1.elf  > "KASM_HRTIM_Test1.list"
   text	   data	    bss	    dec	    hex	filename
  66176	    480	  15248	  81904	  13ff0	KASM_HRTIM_Test1.elf
Finished building: default.size.stdout
 
Finished building: KASM_HRTIM_Test1.list
 
14:55:35 **** Incremental Build of configuration Debug for project KASM_HRTIM_Test1 ****
make -j16 all 
arm-none-eabi-gcc "../Core/Src/main.c" -mcpu=cortex-m7 -std=gnu11 -g3 -DDEBUG -DUSE_HAL_DRIVER -DSTM32H750xx -c -I../Core/Inc -I../Drivers/STM32H7xx_HAL_Driver/Inc -I../Drivers/STM32H7xx_HAL_Driver/Inc/Legacy -I../Drivers/CMSIS/Device/ST/STM32H7xx/Include -I../Drivers/CMSIS/Include -O0 -ffunction-sections -fdata-sections -Wall -fstack-usage -fcyclomatic-complexity -MMD -MP -MF"Core/Src/main.d" -MT"Core/Src/main.o" --specs=nano.specs -mfpu=fpv5-d16 -mfloat-abi=hard -mthumb -o "Core/Src/main.o"
../Core/Src/main.c: In function 'command_update':
../Core/Src/main.c:1583:36: warning: cast to pointer from integer of different size [-Wint-to-pointer-cast]
 1583 |         HAL_UART_Transmit(&huart4, (uint8_t*)num, sizeof(num), HAL_MAX_DELAY);
      |                                    ^
arm-none-eabi-gcc -o "KASM_HRTIM_Test1.elf" @"objects.list"   -mcpu=cortex-m7 -T"C:\Akamai\KASM\KASM_HRTIM_Test1\STM32H750VBTX_FLASH.ld" --specs=nosys.specs -Wl,-Map="KASM_HRTIM_Test1.map" -Wl,--gc-sections -static --specs=nano.specs -mfpu=fpv5-d16 -mfloat-abi=hard -mthumb -u _printf_float -Wl,--start-group -lc -lm -Wl,--end-group
Finished building target: KASM_HRTIM_Test1.elf
 
arm-none-eabi-size  KASM_HRTIM_Test1.elf 
arm-none-eabi-objdump -h -S KASM_HRTIM_Test1.elf  > "KASM_HRTIM_Test1.list"
   text	   data	    bss	    dec	    hex	filename
  66184	    480	  15248	  81912	  13ff8	KASM_HRTIM_Test1.elf
Finished building: default.size.stdout
 
Finished building: KASM_HRTIM_Test1.list
 
14:56:49 **** Incremental Build of configuration Debug for project KASM_HRTIM_Test1 ****
make -j16 all 
arm-none-eabi-gcc "../Core/Src/main.c" -mcpu=cortex-m7 -std=gnu11 -g3 -DDEBUG -DUSE_HAL_DRIVER -DSTM32H750xx -c -I../Core/Inc -I../Drivers/STM32H7xx_HAL_Driver/Inc -I../Drivers/STM32H7xx_HAL_Driver/Inc/Legacy -I../Drivers/CMSIS/Device/ST/STM32H7xx/Include -I../Drivers/CMSIS/Include -O0 -ffunction-sections -fdata-sections -Wall -fstack-usage -fcyclomatic-complexity -MMD -MP -MF"Core/Src/main.d" -MT"Core/Src/main.o" --specs=nano.specs -mfpu=fpv5-d16 -mfloat-abi=hard -mthumb -o "Core/Src/main.o"
../Core/Src/main.c: In function 'command_update':
../Core/Src/main.c:1583:36: warning: passing argument 2 of 'HAL_UART_Transmit' makes pointer from integer without a cast [-Wint-conversion]
 1583 |         HAL_UART_Transmit(&huart4, num, sizeof(num), HAL_MAX_DELAY);
      |                                    ^~~
      |                                    |
      |                                    uint8_t {aka unsigned char}
In file included from ../Core/Inc/stm32h7xx_hal_conf.h:463,
                 from ../Drivers/STM32H7xx_HAL_Driver/Inc/stm32h7xx_hal.h:29,
                 from ../Core/Inc/main.h:30,
                 from ../Core/Src/main.c:20:
../Drivers/STM32H7xx_HAL_Driver/Inc/stm32h7xx_hal_uart.h:1637:79: note: expected 'const uint8_t *' {aka 'const unsigned char *'} but argument is of type 'uint8_t' {aka 'unsigned char'}
 1637 | HAL_StatusTypeDef HAL_UART_Transmit(UART_HandleTypeDef *huart, const uint8_t *pData, uint16_t Size, uint32_t Timeout);
      |                                                                ~~~~~~~~~~~~~~~^~~~~
arm-none-eabi-gcc -o "KASM_HRTIM_Test1.elf" @"objects.list"   -mcpu=cortex-m7 -T"C:\Akamai\KASM\KASM_HRTIM_Test1\STM32H750VBTX_FLASH.ld" --specs=nosys.specs -Wl,-Map="KASM_HRTIM_Test1.map" -Wl,--gc-sections -static --specs=nano.specs -mfpu=fpv5-d16 -mfloat-abi=hard -mthumb -u _printf_float -Wl,--start-group -lc -lm -Wl,--end-group
Finished building target: KASM_HRTIM_Test1.elf
 
arm-none-eabi-size  KASM_HRTIM_Test1.elf 
arm-none-eabi-objdump -h -S KASM_HRTIM_Test1.elf  > "KASM_HRTIM_Test1.list"
   text	   data	    bss	    dec	    hex	filename
  66184	    480	  15248	  81912	  13ff8	KASM_HRTIM_Test1.elf
Finished building: default.size.stdout
 
Finished building: KASM_HRTIM_Test1.list
 
14:59:51 **** Incremental Build of configuration Debug for project KASM_HRTIM_Test1 ****
make -j16 all 
arm-none-eabi-gcc "../Core/Src/main.c" -mcpu=cortex-m7 -std=gnu11 -g3 -DDEBUG -DUSE_HAL_DRIVER -DSTM32H750xx -c -I../Core/Inc -I../Drivers/STM32H7xx_HAL_Driver/Inc -I../Drivers/STM32H7xx_HAL_Driver/Inc/Legacy -I../Drivers/CMSIS/Device/ST/STM32H7xx/Include -I../Drivers/CMSIS/Include -O0 -ffunction-sections -fdata-sections -Wall -fstack-usage -fcyclomatic-complexity -MMD -MP -MF"Core/Src/main.d" -MT"Core/Src/main.o" --specs=nano.specs -mfpu=fpv5-d16 -mfloat-abi=hard -mthumb -o "Core/Src/main.o"
../Core/Src/main.c: In function 'command_update':
../Core/Src/main.c:1583:36: warning: passing argument 2 of 'HAL_UART_Transmit' makes pointer from integer without a cast [-Wint-conversion]
 1583 |         HAL_UART_Transmit(&huart4, num, 64, HAL_MAX_DELAY);
      |                                    ^~~
      |                                    |
      |                                    uint8_t {aka unsigned char}
In file included from ../Core/Inc/stm32h7xx_hal_conf.h:463,
                 from ../Drivers/STM32H7xx_HAL_Driver/Inc/stm32h7xx_hal.h:29,
                 from ../Core/Inc/main.h:30,
                 from ../Core/Src/main.c:20:
../Drivers/STM32H7xx_HAL_Driver/Inc/stm32h7xx_hal_uart.h:1637:79: note: expected 'const uint8_t *' {aka 'const unsigned char *'} but argument is of type 'uint8_t' {aka 'unsigned char'}
 1637 | HAL_StatusTypeDef HAL_UART_Transmit(UART_HandleTypeDef *huart, const uint8_t *pData, uint16_t Size, uint32_t Timeout);
      |                                                                ~~~~~~~~~~~~~~~^~~~~
arm-none-eabi-gcc -o "KASM_HRTIM_Test1.elf" @"objects.list"   -mcpu=cortex-m7 -T"C:\Akamai\KASM\KASM_HRTIM_Test1\STM32H750VBTX_FLASH.ld" --specs=nosys.specs -Wl,-Map="KASM_HRTIM_Test1.map" -Wl,--gc-sections -static --specs=nano.specs -mfpu=fpv5-d16 -mfloat-abi=hard -mthumb -u _printf_float -Wl,--start-group -lc -lm -Wl,--end-group
Finished building target: KASM_HRTIM_Test1.elf
 
arm-none-eabi-size  KASM_HRTIM_Test1.elf 
arm-none-eabi-objdump -h -S KASM_HRTIM_Test1.elf  > "KASM_HRTIM_Test1.list"
   text	   data	    bss	    dec	    hex	filename
  66184	    480	  15248	  81912	  13ff8	KASM_HRTIM_Test1.elf
Finished building: default.size.stdout
 
Finished building: KASM_HRTIM_Test1.list
 
15:01:19 **** Incremental Build of configuration Debug for project KASM_HRTIM_Test1 ****
make -j16 all 
arm-none-eabi-gcc "../Core/Src/main.c" -mcpu=cortex-m7 -std=gnu11 -g3 -DDEBUG -DUSE_HAL_DRIVER -DSTM32H750xx -c -I../Core/Inc -I../Drivers/STM32H7xx_HAL_Driver/Inc -I../Drivers/STM32H7xx_HAL_Driver/Inc/Legacy -I../Drivers/CMSIS/Device/ST/STM32H7xx/Include -I../Drivers/CMSIS/Include -O0 -ffunction-sections -fdata-sections -Wall -fstack-usage -fcyclomatic-complexity -MMD -MP -MF"Core/Src/main.d" -MT"Core/Src/main.o" --specs=nano.specs -mfpu=fpv5-d16 -mfloat-abi=hard -mthumb -o "Core/Src/main.o"
arm-none-eabi-gcc -o "KASM_HRTIM_Test1.elf" @"objects.list"   -mcpu=cortex-m7 -T"C:\Akamai\KASM\KASM_HRTIM_Test1\STM32H750VBTX_FLASH.ld" --specs=nosys.specs -Wl,-Map="KASM_HRTIM_Test1.map" -Wl,--gc-sections -static --specs=nano.specs -mfpu=fpv5-d16 -mfloat-abi=hard -mthumb -u _printf_float -Wl,--start-group -lc -lm -Wl,--end-group
Finished building target: KASM_HRTIM_Test1.elf
 
arm-none-eabi-size  KASM_HRTIM_Test1.elf 
arm-none-eabi-objdump -h -S KASM_HRTIM_Test1.elf  > "KASM_HRTIM_Test1.list"
   text	   data	    bss	    dec	    hex	filename
  66160	    480	  15248	  81888	  13fe0	KASM_HRTIM_Test1.elf
Finished building: default.size.stdout
 
Finished building: KASM_HRTIM_Test1.list
 
15:01:50 **** Incremental Build of configuration Debug for project KASM_HRTIM_Test1 ****
make -j16 all 
arm-none-eabi-size  KASM_HRTIM_Test1.elf 
   text	   data	    bss	    dec	    hex	filename
  66160	    480	  15248	  81888	  13fe0	KASM_HRTIM_Test1.elf
Finished building: default.size.stdout
 
15:03:58 **** Incremental Build of configuration Debug for project KASM_HRTIM_Test1 ****
make -j16 all 
arm-none-eabi-size  KASM_HRTIM_Test1.elf 
   text	   data	    bss	    dec	    hex	filename
  66160	    480	  15248	  81888	  13fe0	KASM_HRTIM_Test1.elf
Finished building: default.size.stdout
 
15:12:38 **** Incremental Build of configuration Debug for project KASM_HRTIM_Test1 ****
make -j16 all 
arm-none-eabi-gcc "../Core/Src/main.c" -mcpu=cortex-m7 -std=gnu11 -g3 -DDEBUG -DUSE_HAL_DRIVER -DSTM32H750xx -c -I../Core/Inc -I../Drivers/STM32H7xx_HAL_Driver/Inc -I../Drivers/STM32H7xx_HAL_Driver/Inc/Legacy -I../Drivers/CMSIS/Device/ST/STM32H7xx/Include -I../Drivers/CMSIS/Include -O0 -ffunction-sections -fdata-sections -Wall -fstack-usage -fcyclomatic-complexity -MMD -MP -MF"Core/Src/main.d" -MT"Core/Src/main.o" --specs=nano.specs -mfpu=fpv5-d16 -mfloat-abi=hard -mthumb -o "Core/Src/main.o"
arm-none-eabi-gcc -o "KASM_HRTIM_Test1.elf" @"objects.list"   -mcpu=cortex-m7 -T"C:\Akamai\KASM\KASM_HRTIM_Test1\STM32H750VBTX_FLASH.ld" --specs=nosys.specs -Wl,-Map="KASM_HRTIM_Test1.map" -Wl,--gc-sections -static --specs=nano.specs -mfpu=fpv5-d16 -mfloat-abi=hard -mthumb -u _printf_float -Wl,--start-group -lc -lm -Wl,--end-group
Finished building target: KASM_HRTIM_Test1.elf
 
arm-none-eabi-size  KASM_HRTIM_Test1.elf 
arm-none-eabi-objdump -h -S KASM_HRTIM_Test1.elf  > "KASM_HRTIM_Test1.list"
   text	   data	    bss	    dec	    hex	filename
  66160	    480	  15248	  81888	  13fe0	KASM_HRTIM_Test1.elf
Finished building: default.size.stdout
 
Finished building: KASM_HRTIM_Test1.list
 
15:15:15 **** Incremental Build of configuration Debug for project KASM_HRTIM_Test1 ****
make -j16 all 
arm-none-eabi-size  KASM_HRTIM_Test1.elf 
   text	   data	    bss	    dec	    hex	filename
  66160	    480	  15248	  81888	  13fe0	KASM_HRTIM_Test1.elf
Finished building: default.size.stdout
 
15:16:09 **** Incremental Build of configuration Debug for project KASM_HRTIM_Test1 ****
make -j16 all 
arm-none-eabi-size  KASM_HRTIM_Test1.elf 
   text	   data	    bss	    dec	    hex	filename
  66160	    480	  15248	  81888	  13fe0	KASM_HRTIM_Test1.elf
Finished building: default.size.stdout
 
15:17:09 **** Incremental Build of configuration Debug for project KASM_HRTIM_Test1 ****
make -j16 all 
arm-none-eabi-size  KASM_HRTIM_Test1.elf 
   text	   data	    bss	    dec	    hex	filename
  66160	    480	  15248	  81888	  13fe0	KASM_HRTIM_Test1.elf
Finished building: default.size.stdout
 
15:25:55 **** Incremental Build of configuration Debug for project KASM_HRTIM_Test1 ****
make -j16 all 
arm-none-eabi-size  KASM_HRTIM_Test1.elf 
   text	   data	    bss	    dec	    hex	filename
  66160	    480	  15248	  81888	  13fe0	KASM_HRTIM_Test1.elf
Finished building: default.size.stdout
 
15:33:51 **** Incremental Build of configuration Debug for project KASM_HRTIM_Test1 ****
make -j16 all 
arm-none-eabi-size  KASM_HRTIM_Test1.elf 
   text	   data	    bss	    dec	    hex	filename
  66160	    480	  15248	  81888	  13fe0	KASM_HRTIM_Test1.elf
Finished building: default.size.stdout
 
15:53:49 **** Incremental Build of configuration Debug for project KASM_HRTIM_Test1 ****
make -j16 all 
arm-none-eabi-size  KASM_HRTIM_Test1.elf 
   text	   data	    bss	    dec	    hex	filename
  66160	    480	  15248	  81888	  13fe0	KASM_HRTIM_Test1.elf
Finished building: default.size.stdout
 
15:57:01 **** Incremental Build of configuration Debug for project KASM_HRTIM_Test1 ****
make -j16 all 
arm-none-eabi-size  KASM_HRTIM_Test1.elf 
   text	   data	    bss	    dec	    hex	filename
  66160	    480	  15248	  81888	  13fe0	KASM_HRTIM_Test1.elf
Finished building: default.size.stdout
 
16:05:33 **** Incremental Build of configuration Debug for project KASM_HRTIM_Test1 ****
make -j16 all 
arm-none-eabi-size  KASM_HRTIM_Test1.elf 
   text	   data	    bss	    dec	    hex	filename
  66160	    480	  15248	  81888	  13fe0	KASM_HRTIM_Test1.elf
Finished building: default.size.stdout
 
16:08:14 **** Incremental Build of configuration Debug for project KASM_HRTIM_Test1 ****
make -j16 all 
arm-none-eabi-size  KASM_HRTIM_Test1.elf 
   text	   data	    bss	    dec	    hex	filename
  66160	    480	  15248	  81888	  13fe0	KASM_HRTIM_Test1.elf
Finished building: default.size.stdout
 
16:12:30 **** Incremental Build of configuration Debug for project KASM_HRTIM_Test1 ****
make -j16 all 
arm-none-eabi-gcc "../Core/Src/main.c" -mcpu=cortex-m7 -std=gnu11 -g3 -DDEBUG -DUSE_HAL_DRIVER -DSTM32H750xx -c -I../Core/Inc -I../Drivers/STM32H7xx_HAL_Driver/Inc -I../Drivers/STM32H7xx_HAL_Driver/Inc/Legacy -I../Drivers/CMSIS/Device/ST/STM32H7xx/Include -I../Drivers/CMSIS/Include -O0 -ffunction-sections -fdata-sections -Wall -fstack-usage -fcyclomatic-complexity -MMD -MP -MF"Core/Src/main.d" -MT"Core/Src/main.o" --specs=nano.specs -mfpu=fpv5-d16 -mfloat-abi=hard -mthumb -o "Core/Src/main.o"
arm-none-eabi-gcc -o "KASM_HRTIM_Test1.elf" @"objects.list"   -mcpu=cortex-m7 -T"C:\Akamai\KASM\KASM_HRTIM_Test1\STM32H750VBTX_FLASH.ld" --specs=nosys.specs -Wl,-Map="KASM_HRTIM_Test1.map" -Wl,--gc-sections -static --specs=nano.specs -mfpu=fpv5-d16 -mfloat-abi=hard -mthumb -u _printf_float -Wl,--start-group -lc -lm -Wl,--end-group
Finished building target: KASM_HRTIM_Test1.elf
 
arm-none-eabi-size  KASM_HRTIM_Test1.elf 
arm-none-eabi-objdump -h -S KASM_HRTIM_Test1.elf  > "KASM_HRTIM_Test1.list"
   text	   data	    bss	    dec	    hex	filename
  66168	    480	  15248	  81896	  13fe8	KASM_HRTIM_Test1.elf
Finished building: default.size.stdout
 
Finished building: KASM_HRTIM_Test1.list
 
16:14:51 **** Incremental Build of configuration Debug for project KASM_HRTIM_Test1 ****
make -j16 all 
arm-none-eabi-size  KASM_HRTIM_Test1.elf 
   text	   data	    bss	    dec	    hex	filename
  66168	    480	  15248	  81896	  13fe8	KASM_HRTIM_Test1.elf
Finished building: default.size.stdout
 
16:17:56 **** Incremental Build of configuration Debug for project KASM_HRTIM_Test1 ****
make -j16 all 
arm-none-eabi-gcc "../Core/Src/main.c" -mcpu=cortex-m7 -std=gnu11 -g3 -DDEBUG -DUSE_HAL_DRIVER -DSTM32H750xx -c -I../Core/Inc -I../Drivers/STM32H7xx_HAL_Driver/Inc -I../Drivers/STM32H7xx_HAL_Driver/Inc/Legacy -I../Drivers/CMSIS/Device/ST/STM32H7xx/Include -I../Drivers/CMSIS/Include -O0 -ffunction-sections -fdata-sections -Wall -fstack-usage -fcyclomatic-complexity -MMD -MP -MF"Core/Src/main.d" -MT"Core/Src/main.o" --specs=nano.specs -mfpu=fpv5-d16 -mfloat-abi=hard -mthumb -o "Core/Src/main.o"
arm-none-eabi-gcc -o "KASM_HRTIM_Test1.elf" @"objects.list"   -mcpu=cortex-m7 -T"C:\Akamai\KASM\KASM_HRTIM_Test1\STM32H750VBTX_FLASH.ld" --specs=nosys.specs -Wl,-Map="KASM_HRTIM_Test1.map" -Wl,--gc-sections -static --specs=nano.specs -mfpu=fpv5-d16 -mfloat-abi=hard -mthumb -u _printf_float -Wl,--start-group -lc -lm -Wl,--end-group
Finished building target: KASM_HRTIM_Test1.elf
 
arm-none-eabi-size  KASM_HRTIM_Test1.elf 
arm-none-eabi-objdump -h -S KASM_HRTIM_Test1.elf  > "KASM_HRTIM_Test1.list"
   text	   data	    bss	    dec	    hex	filename
  66168	    480	  15248	  81896	  13fe8	KASM_HRTIM_Test1.elf
Finished building: default.size.stdout
 
Finished building: KASM_HRTIM_Test1.list
 
16:34:33 **** Incremental Build of configuration Debug for project KASM_HRTIM_Test1 ****
make -j16 all 
arm-none-eabi-size  KASM_HRTIM_Test1.elf 
   text	   data	    bss	    dec	    hex	filename
  66168	    480	  15248	  81896	  13fe8	KASM_HRTIM_Test1.elf
Finished building: default.size.stdout
 
16:47:23 **** Incremental Build of configuration Debug for project KASM_HRTIM_Test1 ****
make -j16 all 
arm-none-eabi-gcc "../Core/Src/main.c" -mcpu=cortex-m7 -std=gnu11 -g3 -DDEBUG -DUSE_HAL_DRIVER -DSTM32H750xx -c -I../Core/Inc -I../Drivers/STM32H7xx_HAL_Driver/Inc -I../Drivers/STM32H7xx_HAL_Driver/Inc/Legacy -I../Drivers/CMSIS/Device/ST/STM32H7xx/Include -I../Drivers/CMSIS/Include -O0 -ffunction-sections -fdata-sections -Wall -fstack-usage -fcyclomatic-complexity -MMD -MP -MF"Core/Src/main.d" -MT"Core/Src/main.o" --specs=nano.specs -mfpu=fpv5-d16 -mfloat-abi=hard -mthumb -o "Core/Src/main.o"
../Core/Src/main.c: In function 'command_update':
../Core/Src/main.c:1585:13: warning: variable 'n' set but not used [-Wunused-but-set-variable]
 1585 |         int n;
      |             ^
arm-none-eabi-gcc -o "KASM_HRTIM_Test1.elf" @"objects.list"   -mcpu=cortex-m7 -T"C:\Akamai\KASM\KASM_HRTIM_Test1\STM32H750VBTX_FLASH.ld" --specs=nosys.specs -Wl,-Map="KASM_HRTIM_Test1.map" -Wl,--gc-sections -static --specs=nano.specs -mfpu=fpv5-d16 -mfloat-abi=hard -mthumb -u _printf_float -Wl,--start-group -lc -lm -Wl,--end-group
Finished building target: KASM_HRTIM_Test1.elf
 
arm-none-eabi-size  KASM_HRTIM_Test1.elf 
arm-none-eabi-objdump -h -S KASM_HRTIM_Test1.elf  > "KASM_HRTIM_Test1.list"
   text	   data	    bss	    dec	    hex	filename
  66184	    480	  15248	  81912	  13ff8	KASM_HRTIM_Test1.elf
Finished building: default.size.stdout
 
Finished building: KASM_HRTIM_Test1.list
 
16:49:54 **** Incremental Build of configuration Debug for project KASM_HRTIM_Test1 ****
make -j16 all 
arm-none-eabi-gcc "../Core/Src/main.c" -mcpu=cortex-m7 -std=gnu11 -g3 -DDEBUG -DUSE_HAL_DRIVER -DSTM32H750xx -c -I../Core/Inc -I../Drivers/STM32H7xx_HAL_Driver/Inc -I../Drivers/STM32H7xx_HAL_Driver/Inc/Legacy -I../Drivers/CMSIS/Device/ST/STM32H7xx/Include -I../Drivers/CMSIS/Include -O0 -ffunction-sections -fdata-sections -Wall -fstack-usage -fcyclomatic-complexity -MMD -MP -MF"Core/Src/main.d" -MT"Core/Src/main.o" --specs=nano.specs -mfpu=fpv5-d16 -mfloat-abi=hard -mthumb -o "Core/Src/main.o"
../Core/Src/main.c: In function 'command_update':
../Core/Src/main.c:1584:13: warning: variable 'n' set but not used [-Wunused-but-set-variable]
 1584 |         int n;
      |             ^
arm-none-eabi-gcc -o "KASM_HRTIM_Test1.elf" @"objects.list"   -mcpu=cortex-m7 -T"C:\Akamai\KASM\KASM_HRTIM_Test1\STM32H750VBTX_FLASH.ld" --specs=nosys.specs -Wl,-Map="KASM_HRTIM_Test1.map" -Wl,--gc-sections -static --specs=nano.specs -mfpu=fpv5-d16 -mfloat-abi=hard -mthumb -u _printf_float -Wl,--start-group -lc -lm -Wl,--end-group
Finished building target: KASM_HRTIM_Test1.elf
 
arm-none-eabi-size  KASM_HRTIM_Test1.elf 
arm-none-eabi-objdump -h -S KASM_HRTIM_Test1.elf  > "KASM_HRTIM_Test1.list"
   text	   data	    bss	    dec	    hex	filename
  66184	    480	  15248	  81912	  13ff8	KASM_HRTIM_Test1.elf
Finished building: default.size.stdout
 
Finished building: KASM_HRTIM_Test1.list
 
16:56:49 **** Incremental Build of configuration Debug for project KASM_HRTIM_Test1 ****
make -j16 all 
arm-none-eabi-gcc "../Core/Src/main.c" -mcpu=cortex-m7 -std=gnu11 -g3 -DDEBUG -DUSE_HAL_DRIVER -DSTM32H750xx -c -I../Core/Inc -I../Drivers/STM32H7xx_HAL_Driver/Inc -I../Drivers/STM32H7xx_HAL_Driver/Inc/Legacy -I../Drivers/CMSIS/Device/ST/STM32H7xx/Include -I../Drivers/CMSIS/Include -O0 -ffunction-sections -fdata-sections -Wall -fstack-usage -fcyclomatic-complexity -MMD -MP -MF"Core/Src/main.d" -MT"Core/Src/main.o" --specs=nano.specs -mfpu=fpv5-d16 -mfloat-abi=hard -mthumb -o "Core/Src/main.o"
../Core/Src/main.c: In function 'command_update':
../Core/Src/main.c:1584:13: warning: variable 'n' set but not used [-Wunused-but-set-variable]
 1584 |         int n;
      |             ^
arm-none-eabi-gcc -o "KASM_HRTIM_Test1.elf" @"objects.list"   -mcpu=cortex-m7 -T"C:\Akamai\KASM\KASM_HRTIM_Test1\STM32H750VBTX_FLASH.ld" --specs=nosys.specs -Wl,-Map="KASM_HRTIM_Test1.map" -Wl,--gc-sections -static --specs=nano.specs -mfpu=fpv5-d16 -mfloat-abi=hard -mthumb -u _printf_float -Wl,--start-group -lc -lm -Wl,--end-group
Finished building target: KASM_HRTIM_Test1.elf
 
arm-none-eabi-size  KASM_HRTIM_Test1.elf 
arm-none-eabi-objdump -h -S KASM_HRTIM_Test1.elf  > "KASM_HRTIM_Test1.list"
   text	   data	    bss	    dec	    hex	filename
  66216	    480	  11352	  78048	  130e0	KASM_HRTIM_Test1.elf
Finished building: default.size.stdout
 
Finished building: KASM_HRTIM_Test1.list
 
16:58:35 **** Incremental Build of configuration Debug for project KASM_HRTIM_Test1 ****
make -j16 all 
arm-none-eabi-size  KASM_HRTIM_Test1.elf 
   text	   data	    bss	    dec	    hex	filename
  66216	    480	  11352	  78048	  130e0	KASM_HRTIM_Test1.elf
Finished building: default.size.stdout
 
16:59:50 **** Incremental Build of configuration Debug for project KASM_HRTIM_Test1 ****
make -j16 all 
arm-none-eabi-size  KASM_HRTIM_Test1.elf 
   text	   data	    bss	    dec	    hex	filename
  66216	    480	  11352	  78048	  130e0	KASM_HRTIM_Test1.elf
Finished building: default.size.stdout
 
09:32:58 **** Build of configuration Debug for project KASM_HRTIM_Test1 ****
make -j16 all 
arm-none-eabi-size  KASM_HRTIM_Test1.elf 
   text	   data	    bss	    dec	    hex	filename
  66216	    480	  11352	  78048	  130e0	KASM_HRTIM_Test1.elf
Finished building: default.size.stdout
 
09:33:14 **** Incremental Build of configuration Debug for project KASM_HRTIM_Test1 ****
make -j16 all 
arm-none-eabi-size  KASM_HRTIM_Test1.elf 
   text	   data	    bss	    dec	    hex	filename
  66216	    480	  11352	  78048	  130e0	KASM_HRTIM_Test1.elf
Finished building: default.size.stdout
 
09:33:34 **** Incremental Build of configuration Debug for project KASM_HRTIM_Test1 ****
make -j16 all 
arm-none-eabi-size  KASM_HRTIM_Test1.elf 
   text	   data	    bss	    dec	    hex	filename
  66216	    480	  11352	  78048	  130e0	KASM_HRTIM_Test1.elf
Finished building: default.size.stdout
 
09:33:44 **** Incremental Build of configuration Debug for project KASM_HRTIM_Test1 ****
make -j16 all 
arm-none-eabi-size  KASM_HRTIM_Test1.elf 
   text	   data	    bss	    dec	    hex	filename
  66216	    480	  11352	  78048	  130e0	KASM_HRTIM_Test1.elf
Finished building: default.size.stdout
 
09:34:10 **** Incremental Build of configuration Debug for project KASM_HRTIM_Test1 ****
make -j16 all 
arm-none-eabi-size  KASM_HRTIM_Test1.elf 
   text	   data	    bss	    dec	    hex	filename
  66216	    480	  11352	  78048	  130e0	KASM_HRTIM_Test1.elf
Finished building: default.size.stdout
 
09:34:46 **** Incremental Build of configuration Debug for project KASM_HRTIM_Test1 ****
make -j16 all 
arm-none-eabi-size  KASM_HRTIM_Test1.elf 
   text	   data	    bss	    dec	    hex	filename
  66216	    480	  11352	  78048	  130e0	KASM_HRTIM_Test1.elf
Finished building: default.size.stdout
 
09:35:05 **** Incremental Build of configuration Debug for project KASM_HRTIM_Test1 ****
make -j16 all 
arm-none-eabi-size  KASM_HRTIM_Test1.elf 
   text	   data	    bss	    dec	    hex	filename
  66216	    480	  11352	  78048	  130e0	KASM_HRTIM_Test1.elf
Finished building: default.size.stdout
 
