15:10:02 **** Incremental Build of configuration Debug for project KASM_FilterTesting ****
make -j16 all 
arm-none-eabi-gcc "../Core/Src/main.c" -mcpu=cortex-m7 -std=gnu11 -g3 -DDEBUG -DUSE_HAL_DRIVER -DSTM32H750xx -c -I../Core/Inc -I../Drivers/STM32H7xx_HAL_Driver/Inc -I../Drivers/STM32H7xx_HAL_Driver/Inc/Legacy -I../Drivers/CMSIS/Device/ST/STM32H7xx/Include -I../Drivers/CMSIS/Include -O0 -ffunction-sections -fdata-sections -Wall -fstack-usage -fcyclomatic-complexity -MMD -MP -MF"Core/Src/main.d" -MT"Core/Src/main.o" --specs=nano.specs -mfpu=fpv5-d16 -mfloat-abi=hard -mthumb -o "Core/Src/main.o"
../Core/Src/main.c: In function 'main':
../Core/Src/main.c:186:5: warning: implicit declaration of function 'sprintf' [-Wimplicit-function-declaration]
  186 |     sprintf(message, "Timer 1 Initialization Complete: %d \n\r", read_TIM1);
      |     ^~~~~~~
../Core/Src/main.c:21:1: note: include '<stdio.h>' or provide a declaration of 'sprintf'
   20 | #include "main.h"
  +++ |+#include <stdio.h>
   21 | 
../Core/Src/main.c:186:5: warning: incompatible implicit declaration of built-in function 'sprintf' [-Wbuiltin-declaration-mismatch]
  186 |     sprintf(message, "Timer 1 Initialization Complete: %d \n\r", read_TIM1);
      |     ^~~~~~~
../Core/Src/main.c:186:5: note: include '<stdio.h>' or provide a declaration of 'sprintf'
../Core/Src/main.c:186:57: warning: format '%d' expects argument of type 'int', but argument 3 has type 'uint16_t (*)()' {aka 'short unsigned int (*)()'} [-Wformat=]
  186 |     sprintf(message, "Timer 1 Initialization Complete: %d \n\r", read_TIM1);
      |                                                        ~^        ~~~~~~~~~
      |                                                         |        |
      |                                                         int      uint16_t (*)() {aka short unsigned int (*)()}
../Core/Src/main.c: In function 'HAL_TIM_PeriodElapsedCallback':
../Core/Src/main.c:1254:28: warning: unused variable 'dir' [-Wunused-variable]
 1254 |                 static int dir=1;
      |                            ^~~
../Core/Src/main.c: At top level:
../Core/Src/main.c:1396:13: warning: 'gen_sine' defined but not used [-Wunused-function]
 1396 | static void gen_sine(void)
      |             ^~~~~~~~
arm-none-eabi-gcc -o "KASM_FilterTesting.elf" @"objects.list"   -mcpu=cortex-m7 -T"C:\Akamai\KASM\KASM_FilterTesting\STM32H750VBTX_FLASH.ld" --specs=nosys.specs -Wl,-Map="KASM_FilterTesting.map" -Wl,--gc-sections -static --specs=nano.specs -mfpu=fpv5-d16 -mfloat-abi=hard -mthumb -Wl,--start-group -lc -lm -Wl,--end-group
Finished building target: KASM_FilterTesting.elf
 
arm-none-eabi-size  KASM_FilterTesting.elf 
arm-none-eabi-objdump -h -S KASM_FilterTesting.elf  > "KASM_FilterTesting.list"
   text	   data	    bss	    dec	    hex	filename
  46972	    100	   3200	  50272	   c460	KASM_FilterTesting.elf
Finished building: default.size.stdout
 
Finished building: KASM_FilterTesting.list
 

15:10:03 Build Finished. 0 errors, 5 warnings. (took 984ms)

